2026-02-28 12:32:13,976 - WorkerDaemon - INFO - 🎬 Worker Daemon 已启动，正在监听飞书【待生成】队列...
2026-02-28 12:34:00,267 - WorkerDaemon - INFO - ✨ 发现新任务: recvcuBZENyUTX, 启动独立协程处理
2026-02-28 12:34:00,267 - WorkerDaemon - INFO - ✨ 发现新任务: recvcuBZENm7nE, 启动独立协程处理
2026-02-28 12:34:00,267 - WorkerDaemon - INFO - ✨ 发现新任务: recvcuBZENacdS, 启动独立协程处理
2026-02-28 12:34:01,651 - WorkerDaemon - INFO - [Task recvcuBZENyUTX] 已锁定，准备使用网关 seedance-1.5-pro 生成
2026-02-28 12:34:01,652 - core.services.video_service.mock_service - WARNING - 🧪 [MockService - seedance-1.5-pro] MOCK_MODE 已拦截真实 API，启动虚拟生成请求: mock-271b31d2
2026-02-28 12:34:01,652 - core.services.video_service.mock_service - INFO - 🧪 Payload 预览:
> Prompt: 画面呈现一个阴冷的雨夜室内场景，主环境光色温 4300K。摄影机参数：焦距 35mm，光圈 f/2....
> Kwargs (Keys): ['resolution', 'fps', 'sampling_steps', 'cfg_scale', '_sandbox_mode']
2026-02-28 12:34:01,652 - WorkerDaemon - INFO - [Task recvcuBZENyUTX] API 提交成功 (Config Keys: ['resolution', 'fps', 'sampling_steps', 'cfg_scale', '_sandbox_mode'])，任务 ID: mock-271b31d2
2026-02-28 12:34:03,038 - WorkerDaemon - INFO - [Task recvcuBZENm7nE] 已锁定，准备使用网关 seedance-1.5-pro 生成
2026-02-28 12:34:03,038 - core.services.video_service.mock_service - WARNING - 🧪 [MockService - seedance-1.5-pro] MOCK_MODE 已拦截真实 API，启动虚拟生成请求: mock-294398d7
2026-02-28 12:34:03,038 - core.services.video_service.mock_service - INFO - 🧪 Payload 预览:
> Prompt: 陈伶从躺卧姿态转为操作终端姿态，动作连贯。[引用资产: rec_chen_ling]。摄影机参数：焦...
> Kwargs (Keys): ['resolution', 'fps', 'sampling_steps', 'cfg_scale', '_sandbox_mode']
2026-02-28 12:34:03,038 - WorkerDaemon - INFO - [Task recvcuBZENm7nE] API 提交成功 (Config Keys: ['resolution', 'fps', 'sampling_steps', 'cfg_scale', '_sandbox_mode'])，任务 ID: mock-294398d7
2026-02-28 12:34:04,374 - WorkerDaemon - INFO - [Task recvcuBZENacdS] 已锁定，准备使用网关 seedance-1.5-pro 生成
2026-02-28 12:34:04,374 - core.services.video_service.mock_service - WARNING - 🧪 [MockService - seedance-1.5-pro] MOCK_MODE 已拦截真实 API，启动虚拟生成请求: mock-dfb11ffe
2026-02-28 12:34:04,374 - core.services.video_service.mock_service - INFO - 🧪 Payload 预览:
> Prompt: 陈伶触发一键重投，全屏覆盖特效爆发。特效由中心点（通常与陈伶或UI投影相关）爆发的同心数据波纹构成，...
> Kwargs (Keys): ['resolution', 'fps', 'sampling_steps', 'cfg_scale', '_sandbox_mode']
2026-02-28 12:34:04,374 - WorkerDaemon - INFO - [Task recvcuBZENacdS] API 提交成功 (Config Keys: ['resolution', 'fps', 'sampling_steps', 'cfg_scale', '_sandbox_mode'])，任务 ID: mock-dfb11ffe
2026-02-28 12:34:11,653 - core.services.video_service.mock_service - INFO - 🧪 [MockService] 虚拟任务 mock-271b31d2 正在生成中... (模拟延迟)
2026-02-28 12:34:13,044 - core.services.video_service.mock_service - INFO - 🧪 [MockService] 虚拟任务 mock-294398d7 正在生成中... (模拟延迟)
2026-02-28 12:34:14,380 - core.services.video_service.mock_service - INFO - 🧪 [MockService] 虚拟任务 mock-dfb11ffe 正在生成中... (模拟延迟)
2026-02-28 12:34:21,654 - core.services.video_service.mock_service - INFO - 🧪 [MockService] 虚拟任务 mock-271b31d2 模拟生成成功！
2026-02-28 12:34:21,654 - core.services.video_service.mock_service - INFO - 🧪 [MockService] 拦截下载请求，创建本地空文件: D:\桌面\12345678910-2.0.0\Download\video_recvcuBZENyUTX.mp4
2026-02-28 12:34:21,654 - WorkerDaemon - INFO - [Task recvcuBZENyUTX] 下载本地成功: D:\桌面\12345678910-2.0.0\Download\video_recvcuBZENyUTX.mp4，准备直传飞书...
2026-02-28 12:34:21,655 - WorkerDaemon - INFO - 🧪 [Task recvcuBZENyUTX] 沙盒模式跳过真实飞书附件上传，已模拟更新状态。
2026-02-28 12:34:22,988 - WorkerDaemon - INFO - [Task recvcuBZENyUTX] 飞书打通完毕/Mock已记录！✅
2026-02-28 12:34:23,379 - WorkerDaemon - INFO - [Task recvcuBZENyUTX] 企微通知发送成功！
2026-02-28 12:34:23,379 - WorkerDaemon - INFO - [Task recvcuBZENyUTX] 清理本地缓存成功: D:\桌面\12345678910-2.0.0\Download\video_recvcuBZENyUTX.mp4
2026-02-28 12:34:23,380 - core.services.video_service.mock_service - INFO - 🧪 [MockService] 虚拟任务 mock-294398d7 模拟生成成功！
2026-02-28 12:34:23,380 - core.services.video_service.mock_service - INFO - 🧪 [MockService] 拦截下载请求，创建本地空文件: D:\桌面\12345678910-2.0.0\Download\video_recvcuBZENm7nE.mp4
2026-02-28 12:34:23,381 - WorkerDaemon - INFO - [Task recvcuBZENm7nE] 下载本地成功: D:\桌面\12345678910-2.0.0\Download\video_recvcuBZENm7nE.mp4，准备直传飞书...
2026-02-28 12:34:23,381 - WorkerDaemon - INFO - 🧪 [Task recvcuBZENm7nE] 沙盒模式跳过真实飞书附件上传，已模拟更新状态。
2026-02-28 12:34:24,766 - WorkerDaemon - INFO - [Task recvcuBZENm7nE] 飞书打通完毕/Mock已记录！✅
2026-02-28 12:34:25,166 - WorkerDaemon - INFO - [Task recvcuBZENm7nE] 企微通知发送成功！
2026-02-28 12:34:25,166 - WorkerDaemon - INFO - [Task recvcuBZENm7nE] 清理本地缓存成功: D:\桌面\12345678910-2.0.0\Download\video_recvcuBZENm7nE.mp4
2026-02-28 12:34:25,167 - core.services.video_service.mock_service - INFO - 🧪 [MockService] 虚拟任务 mock-dfb11ffe 模拟生成成功！
2026-02-28 12:34:25,167 - core.services.video_service.mock_service - INFO - 🧪 [MockService] 拦截下载请求，创建本地空文件: D:\桌面\12345678910-2.0.0\Download\video_recvcuBZENacdS.mp4
2026-02-28 12:34:25,168 - WorkerDaemon - INFO - [Task recvcuBZENacdS] 下载本地成功: D:\桌面\12345678910-2.0.0\Download\video_recvcuBZENacdS.mp4，准备直传飞书...
2026-02-28 12:34:25,168 - WorkerDaemon - INFO - 🧪 [Task recvcuBZENacdS] 沙盒模式跳过真实飞书附件上传，已模拟更新状态。
2026-02-28 12:34:26,546 - WorkerDaemon - INFO - [Task recvcuBZENacdS] 飞书打通完毕/Mock已记录！✅
2026-02-28 12:34:26,933 - WorkerDaemon - INFO - [Task recvcuBZENacdS] 企微通知发送成功！
2026-02-28 12:34:26,934 - WorkerDaemon - INFO - [Task recvcuBZENacdS] 清理本地缓存成功: D:\桌面\12345678910-2.0.0\Download\video_recvcuBZENacdS.mp4
